[    0.000000] Initializing cgroup subsys cpuset
[    0.000000] Initializing cgroup subsys cpu
[    0.000000] Initializing cgroup subsys cpuacct
[    0.000000] Linux version 4.4.0-210-generic (buildd@lgw01-amd64-009) (gcc version 5.4.0 20160609 (Ubuntu 5.4.0-6ubuntu1~16.04.12) ) #242-Ubuntu SMP Fri Apr 16 09:57:56 UTC 2021 (Ubuntu 4.4.0-210.242-generic 4.4.262)
[    0.000000] Command line: BOOT_IMAGE=/boot/vmlinuz-4.4.0-210-generic root=LABEL=cloudimg-rootfs ro console=tty1 console=ttyS0
[    0.000000] KERNEL supported cpus:
[    0.000000]   Intel GenuineIntel
[    0.000000]   AMD AuthenticAMD
[    0.000000]   Centaur CentaurHauls
[    0.000000] x86/fpu: xstate_offset[2]:  576, xstate_sizes[2]:  256
[    0.000000] x86/fpu: Supporting XSAVE feature 0x01: 'x87 floating point registers'
[    0.000000] x86/fpu: Supporting XSAVE feature 0x02: 'SSE registers'
[    0.000000] x86/fpu: Supporting XSAVE feature 0x04: 'AVX registers'
[    0.000000] x86/fpu: Enabled xstate features 0x7, context size is 832 bytes, using 'standard' format.
[    0.000000] e820: BIOS-provided physical RAM map:
[    0.000000] BIOS-e820: [mem 0x0000000000000000-0x000000000009fbff] usable
[    0.000000] BIOS-e820: [mem 0x000000000009fc00-0x000000000009ffff] reserved
[    0.000000] BIOS-e820: [mem 0x00000000000f0000-0x00000000000fffff] reserved
[    0.000000] BIOS-e820: [mem 0x0000000000100000-0x000000003ffeffff] usable
[    0.000000] BIOS-e820: [mem 0x000000003fff0000-0x000000003fffffff] ACPI data
[    0.000000] BIOS-e820: [mem 0x00000000fec00000-0x00000000fec00fff] reserved
[    0.000000] BIOS-e820: [mem 0x00000000fee00000-0x00000000fee00fff] reserved
[    0.000000] BIOS-e820: [mem 0x00000000fffc0000-0x00000000ffffffff] reserved
[    0.000000] NX (Execute Disable) protection: active
[    0.000000] SMBIOS 2.5 present.
[    0.000000] Hypervisor detected: KVM
[    0.000000] e820: last_pfn = 0x3fff0 max_arch_pfn = 0x400000000
[    0.000000] MTRR: Disabled
[    0.000000] x86/PAT: MTRRs disabled, skipping PAT initialization too.
[    0.000000] CPU MTRRs all blank - virtualized system.
[    0.000000] x86/PAT: Configuration [0-7]: WB  WT  UC- UC  WB  WT  UC- UC  
[    0.000000] found SMP MP-table at [mem 0x0009fff0-0x0009ffff] mapped at [ffff88000009fff0]
[    0.000000] Scanning 1 areas for low memory corruption
[    0.000000] RAMDISK: [mem 0x362dc000-0x37165fff]
[    0.000000] ACPI: Early table checksum verification disabled
[    0.000000] ACPI: RSDP 0x00000000000E0000 000024 (v02 VBOX  )
[    0.000000] ACPI: XSDT 0x000000003FFF0030 00003C (v01 VBOX   VBOXXSDT 00000001 ASL  00000061)
[    0.000000] ACPI: FACP 0x000000003FFF00F0 0000F4 (v04 VBOX   VBOXFACP 00000001 ASL  00000061)
[    0.000000] ACPI: DSDT 0x000000003FFF0470 002325 (v02 VBOX   VBOXBIOS 00000002 INTL 20120111)
[    0.000000] ACPI: FACS 0x000000003FFF0200 000040
[    0.000000] ACPI: FACS 0x000000003FFF0200 000040
[    0.000000] ACPI: APIC 0x000000003FFF0240 00005C (v02 VBOX   VBOXAPIC 00000001 ASL  00000061)
[    0.000000] ACPI: SSDT 0x000000003FFF02A0 0001CC (v01 VBOX   VBOXCPUT 00000002 INTL 20120111)
[    0.000000] No NUMA configuration found
[    0.000000] Faking a node at [mem 0x0000000000000000-0x000000003ffeffff]
[    0.000000] NODE_DATA(0) allocated [mem 0x3ffeb000-0x3ffeffff]
[    0.000000] kvm-clock: Using msrs 4b564d01 and 4b564d00
[    0.000000] kvm-clock: cpu 0, msr 0:3ffe3001, primary cpu clock
[    0.000000] kvm-clock: using sched offset of 12919188743 cycles
[    0.000000] clocksource: kvm-clock: mask: 0xffffffffffffffff max_cycles: 0x1cd42e4dffb, max_idle_ns: 881590591483 ns
[    0.000000] Zone ranges:
[    0.000000]   DMA      [mem 0x0000000000001000-0x0000000000ffffff]
[    0.000000]   DMA32    [mem 0x0000000001000000-0x000000003ffeffff]
[    0.000000]   Normal   empty
[    0.000000]   Device   empty
[    0.000000] Movable zone start for each node
[    0.000000] Early memory node ranges
[    0.000000]   node   0: [mem 0x0000000000001000-0x000000000009efff]
[    0.000000]   node   0: [mem 0x0000000000100000-0x000000003ffeffff]
[    0.000000] Initmem setup node 0 [mem 0x0000000000001000-0x000000003ffeffff]
[    0.000000] ACPI: PM-Timer IO Port: 0x4008
[    0.000000] IOAPIC[0]: apic_id 2, version 32, address 0xfec00000, GSI 0-23
[    0.000000] ACPI: INT_SRC_OVR (bus 0 bus_irq 0 global_irq 2 dfl dfl)
[    0.000000] ACPI: INT_SRC_OVR (bus 0 bus_irq 9 global_irq 9 low level)
[    0.000000] Using ACPI (MADT) for SMP configuration information
[    0.000000] smpboot: Allowing 2 CPUs, 0 hotplug CPUs
[    0.000000] PM: Registered nosave memory: [mem 0x00000000-0x00000fff]
[    0.000000] PM: Registered nosave memory: [mem 0x0009f000-0x0009ffff]
[    0.000000] PM: Registered nosave memory: [mem 0x000a0000-0x000effff]
[    0.000000] PM: Registered nosave memory: [mem 0x000f0000-0x000fffff]
[    0.000000] e820: [mem 0x40000000-0xfebfffff] available for PCI devices
[    0.000000] Booting paravirtualized kernel on KVM
[    0.000000] clocksource: refined-jiffies: mask: 0xffffffff max_cycles: 0xffffffff, max_idle_ns: 7645519600211568 ns
[    0.000000] setup_percpu: NR_CPUS:512 nr_cpumask_bits:512 nr_cpu_ids:2 nr_node_ids:1
[    0.000000] PERCPU: Embedded 33 pages/cpu @ffff88003fc00000 s95192 r8192 d31784 u1048576
[    0.000000] Built 1 zonelists in Node order, mobility grouping on.  Total pages: 257912
[    0.000000] Policy zone: DMA32
[    0.000000] Kernel command line: BOOT_IMAGE=/boot/vmlinuz-4.4.0-210-generic root=LABEL=cloudimg-rootfs ro console=tty1 console=ttyS0
[    0.000000] PID hash table entries: 4096 (order: 3, 32768 bytes)
[    0.000000] Memory: 997792K/1048120K available (8644K kernel code, 1332K rwdata, 4044K rodata, 1492K init, 1164K bss, 50328K reserved, 0K cma-reserved)
[    0.000000] SLUB: HWalign=64, Order=0-3, MinObjects=0, CPUs=2, Nodes=1
[    0.000000] Kernel/User page tables isolation: enabled
[    0.000000] Hierarchical RCU implementation.
[    0.000000] 	Build-time adjustment of leaf fanout to 64.
[    0.000000] 	RCU restricting CPUs from NR_CPUS=512 to nr_cpu_ids=2.
[    0.000000] RCU: Adjusting geometry for rcu_fanout_leaf=64, nr_cpu_ids=2
[    0.000000] NR_IRQS:33024 nr_irqs:440 16
[    0.000000] Console: colour VGA+ 80x25
[    0.000000] console [tty1] enabled
[    0.000000] console [ttyS0] enabled
[    0.000000] tsc: Detected 2299.998 MHz processor
[    2.005568] Calibrating delay loop (skipped) preset value.. 4599.99 BogoMIPS (lpj=9199992)
[    2.011929] pid_max: default: 32768 minimum: 301
[    2.027177] ACPI: Core revision 20150930
[    2.033592] ACPI: 2 ACPI AML tables successfully acquired and loaded
[    2.040858] Security Framework initialized
[    2.044346] Yama: becoming mindful.
[    2.066909] AppArmor: AppArmor initialized
[    2.069155] Dentry cache hash table entries: 131072 (order: 8, 1048576 bytes)
[    2.106229] Inode-cache hash table entries: 65536 (order: 7, 524288 bytes)
[    2.139302] Mount-cache hash table entries: 2048 (order: 2, 16384 bytes)
[    2.169829] Mountpoint-cache hash table entries: 2048 (order: 2, 16384 bytes)
[    2.190523] Initializing cgroup subsys io
[    2.204193] Initializing cgroup subsys memory
[    2.210718] Initializing cgroup subsys devices
[    2.240923] Initializing cgroup subsys freezer
[    2.274258] Initializing cgroup subsys net_cls
[    2.293928] Initializing cgroup subsys perf_event
[    2.309618] Initializing cgroup subsys net_prio
[    2.345309] Initializing cgroup subsys hugetlb
[    2.360823] Initializing cgroup subsys pids
[    2.398836] mce: CPU supports 0 MCE banks
[    2.403976] Last level iTLB entries: 4KB 1024, 2MB 1024, 4MB 1024
[    2.424505] Last level dTLB entries: 4KB 1024, 2MB 1024, 4MB 1024, 1GB 4
[    2.443562] Spectre V1 : Mitigation: usercopy/swapgs barriers and __user pointer sanitization
[    2.492870] Spectre V2 : Mitigation: Full generic retpoline
[    2.509300] Spectre V2 : Spectre v2 / SpectreRSB mitigation: Filling RSB on context switch
[    2.527798] Speculative Store Bypass: Vulnerable
[    2.530365] SRBDS: Unknown: Dependent on hypervisor status
[    2.543654] MDS: Mitigation: Clear CPU buffers
[    2.561083] Freeing SMP alternatives memory: 36K
[    2.597612] ftrace: allocating 32380 entries in 127 pages
[    2.840033] smpboot: APIC(0) Converting physical 0 to logical package 0
[    2.859722] smpboot: Max logical packages: 1
[    2.871763] x2apic enabled
[    2.875758] Switched APIC routing to physical x2apic.
[    2.904901] ..TIMER: vector=0x30 apic1=0 pin1=2 apic2=-1 pin2=-1
[    3.026636] APIC calibration not consistent with PM-Timer: 101ms instead of 100ms
[    3.042442] APIC delta adjusted to PM-Timer: 6206612 (6298423)
[    3.068997] smpboot: CPU0: Intel(R) Core(TM) i7-4650U CPU @ 1.70GHz (family: 0x6, model: 0x45, stepping: 0x1)
[    3.095475] Performance Events: unsupported p6 CPU model 69 no PMU driver, software events only.
[    3.142019] KVM setup paravirtual spinlock
[    3.147948] x86: Booting SMP configuration:
[    3.165882] .... node  #0, CPUs:      #1
[    3.173715] kvm-clock: cpu 1, msr 0:3ffe3041, secondary cpu clock
[    3.195654] mce: CPU supports 0 MCE banks
[    3.206261] x86: Booted up 1 node, 2 CPUs
[    3.212101] smpboot: Total of 2 processors activated (9199.99 BogoMIPS)
[    3.229181] devtmpfs: initialized
[    3.242082] evm: security.selinux
[    3.246088] evm: security.SMACK64
[    3.258345] evm: security.SMACK64EXEC
[    3.299170] evm: security.SMACK64TRANSMUTE
[    3.311060] evm: security.SMACK64MMAP
[    3.329586] evm: security.ima
[    3.330930] evm: security.capability
[    3.343139] clocksource: jiffies: mask: 0xffffffff max_cycles: 0xffffffff, max_idle_ns: 7645041785100000 ns
[    3.376983] futex hash table entries: 512 (order: 3, 32768 bytes)
[    3.395042] pinctrl core: initialized pinctrl subsystem
[    3.400805] RTC time: 12:02:21, date: 11/30/21
[    3.410492] NET: Registered protocol family 16
[    3.434803] cpuidle: using governor ladder
[    3.455562] cpuidle: using governor menu
[    3.459526] PCCT header not found.
[    3.461178] ACPI: bus type PCI registered
[    3.463030] acpiphp: ACPI Hot Plug PCI Controller Driver version: 0.5
[    3.468814] PCI: Using configuration type 1 for base access
[    3.540973] ACPI: Added _OSI(Module Device)
[    3.557998] ACPI: Added _OSI(Processor Device)
[    3.560866] ACPI: Added _OSI(3.0 _SCP Extensions)
[    3.573988] ACPI: Added _OSI(Processor Aggregator Device)
[    3.583891] ACPI: Executed 1 blocks of module-level executable AML code
[    3.599812] ACPI: Interpreter enabled
[    3.602914] ACPI: (supports S0 S5)
[    3.605154] ACPI: Using IOAPIC for interrupt routing
[    3.609544] PCI: Using host bridge windows from ACPI; if necessary, use "pci=nocrs" and report a bug
[    3.630822] ACPI: PCI Root Bridge [PCI0] (domain 0000 [bus 00-ff])
[    3.639635] acpi PNP0A03:00: _OSC: OS supports [ASPM ClockPM Segments MSI]
[    3.645746] acpi PNP0A03:00: _OSC: not requesting OS control; OS requires [ExtendedConfig ASPM ClockPM MSI]
[    3.664359] acpi PNP0A03:00: fail to add MMCONFIG information, can't access extended PCI configuration space under this bridge.
[    3.677713] PCI host bridge to bus 0000:00
[    3.680029] pci_bus 0000:00: root bus resource [io  0x0000-0x0cf7 window]
[    3.692096] pci_bus 0000:00: root bus resource [io  0x0d00-0xffff window]
[    3.695758] pci_bus 0000:00: root bus resource [mem 0x000a0000-0x000bffff window]
[    3.703526] pci_bus 0000:00: root bus resource [mem 0x40000000-0xfdffffff window]
[    3.715385] pci_bus 0000:00: root bus resource [bus 00-ff]
[    3.755358] pci 0000:00:01.1: legacy IDE quirk: reg 0x10: [io  0x01f0-0x01f7]
[    3.763148] pci 0000:00:01.1: legacy IDE quirk: reg 0x14: [io  0x03f6]
[    3.765602] pci 0000:00:01.1: legacy IDE quirk: reg 0x18: [io  0x0170-0x0177]
[    3.773056] pci 0000:00:01.1: legacy IDE quirk: reg 0x1c: [io  0x0376]
[    3.841915] pci 0000:00:07.0: quirk: [io  0x4000-0x403f] claimed by PIIX4 ACPI
[    3.846380] pci 0000:00:07.0: quirk: [io  0x4100-0x410f] claimed by PIIX4 SMB
[    3.871853] ACPI: PCI Interrupt Link [LNKA] (IRQs 5 9 10 *11)
[    3.878871] ACPI: PCI Interrupt Link [LNKB] (IRQs 5 9 *10 11)
[    3.894649] ACPI: PCI Interrupt Link [LNKC] (IRQs 5 *9 10 11)
[    3.898444] ACPI: PCI Interrupt Link [LNKD] (IRQs 5 9 10 *11)
[    3.908020] ACPI: Enabled 2 GPEs in block 00 to 07
[    3.912558] vgaarb: setting as boot device: PCI:0000:00:02.0
[    3.928477] vgaarb: device added: PCI:0000:00:02.0,decodes=io+mem,owns=io+mem,locks=none
[    3.932210] vgaarb: loaded
[    3.934836] vgaarb: bridge control possible 0000:00:02.0
[    3.944596] SCSI subsystem initialized
[    3.946523] ACPI: bus type USB registered
[    3.956384] usbcore: registered new interface driver usbfs
[    3.961987] usbcore: registered new interface driver hub
[    3.973628] usbcore: registered new device driver usb
[    3.989906] PCI: Using ACPI for IRQ routing
[    3.993741] NetLabel: Initializing
[    3.996105] NetLabel:  domain hash size = 128
[    3.998524] NetLabel:  protocols = UNLABELED CIPSOv4
[    4.006777] NetLabel:  unlabeled traffic allowed by default
[    4.029429] amd_nb: Cannot enumerate AMD northbridges
[    4.037769] clocksource: Switched to clocksource kvm-clock
[    4.073690] AppArmor: AppArmor Filesystem Enabled
[    4.077526] pnp: PnP ACPI init
[    4.088770] pnp: PnP ACPI: found 3 devices
[    4.115496] clocksource: acpi_pm: mask: 0xffffff max_cycles: 0xffffff, max_idle_ns: 2085701024 ns
[    4.126709] NET: Registered protocol family 2
[    4.129409] TCP established hash table entries: 8192 (order: 4, 65536 bytes)
[    4.132322] TCP bind hash table entries: 8192 (order: 5, 131072 bytes)
[    4.142621] TCP: Hash tables configured (established 8192 bind 8192)
[    4.146273] UDP hash table entries: 512 (order: 2, 16384 bytes)
[    4.163336] UDP-Lite hash table entries: 512 (order: 2, 16384 bytes)
[    4.167279] NET: Registered protocol family 1
[    4.172513] pci 0000:00:00.0: Limiting direct PCI/PCI transfers
[    4.176769] pci 0000:00:01.0: Activating ISA DMA hang workarounds
[    4.181200] Unpacking initramfs...
[    5.146968] Freeing initrd memory: 14888K
[    5.154828] RAPL PMU detected, API unit is 2^-32 Joules, 4 fixed counters 10737418240 ms ovfl timer
[    5.170077] hw unit of domain pp0-core 2^-0 Joules
[    5.175474] hw unit of domain package 2^-0 Joules
[    5.183161] hw unit of domain dram 2^-0 Joules
[    5.195613] hw unit of domain pp1-gpu 2^-0 Joules
[    5.200267] clocksource: tsc: mask: 0xffffffffffffffff max_cycles: 0x212733415c7, max_idle_ns: 440795236380 ns
[    5.211264] platform rtc_cmos: registered platform RTC device (no PNP device found)
[    5.236754] Scanning for low memory corruption every 60 seconds
[    5.247408] audit: initializing netlink subsys (disabled)
[    5.251262] audit: type=2000 audit(1638273755.106:1): initialized
[    5.273646] Initialise system trusted keyring
[    5.279329] HugeTLB registered 2 MB page size, pre-allocated 0 pages
[    5.311614] zbud: loaded
[    5.317396] VFS: Disk quotas dquot_6.6.0
[    5.335080] VFS: Dquot-cache hash table entries: 512 (order 0, 4096 bytes)
[    5.350483] squashfs: version 4.0 (2009/01/31) Phillip Lougher
[    5.368252] fuse init (API version 7.23)
[    5.384789] Key type big_key registered
[    5.405700] Allocating IMA MOK and blacklist keyrings.
[    5.417315] Key type asymmetric registered
[    5.430696] Asymmetric key parser 'x509' registered
[    5.436668] Block layer SCSI generic (bsg) driver version 0.4 loaded (major 249)
[    5.446155] io scheduler noop registered
[    5.451558] io scheduler deadline registered (default)
[    5.467407] io scheduler cfq registered
[    5.470096] pci_hotplug: PCI Hot Plug PCI Core version: 0.5
[    5.475719] pciehp: PCI Express Hot Plug Controller Driver version: 0.4
[    5.481258] ACPI: AC Adapter [AC] (on-line)
[    5.486266] input: Power Button as /devices/LNXSYSTM:00/LNXPWRBN:00/input/input0
[    5.503715] ACPI: Power Button [PWRF]
[    5.511705] input: Sleep Button as /devices/LNXSYSTM:00/LNXSLPBN:00/input/input1
[    5.520393] ACPI: Sleep Button [SLPF]
[    5.538394] GHES: HEST is not enabled!
[    5.539932] ACPI: Battery Slot [BAT0] (battery present)
[    5.545971] Serial: 8250/16550 driver, 32 ports, IRQ sharing enabled
[    5.572316] 00:02: ttyS0 at I/O 0x3f8 (irq = 4, base_baud = 115200) is a 16550A
[    5.598863] Linux agpgart interface v0.103
[    5.614651] loop: module loaded
[    5.636420] scsi host0: ata_piix
[    5.650748] scsi host1: ata_piix
[    5.668239] ata1: PATA max UDMA/33 cmd 0x1f0 ctl 0x3f6 bmdma 0xd000 irq 14
[    5.685799] ata2: PATA max UDMA/33 cmd 0x170 ctl 0x376 bmdma 0xd008 irq 15
[    5.714377] libphy: Fixed MDIO Bus: probed
[    5.733748] tun: Universal TUN/TAP device driver, 1.6
[    5.743218] tun: (C) 1999-2004 Max Krasnyansky <maxk@qualcomm.com>
[    5.766400] PPP generic driver version 2.4.2
[    5.778095] ehci_hcd: USB 2.0 'Enhanced' Host Controller (EHCI) Driver
[    5.831235] ehci-pci: EHCI PCI platform driver
[    5.845212] ehci-platform: EHCI generic platform driver
[    5.851781] ohci_hcd: USB 1.1 'Open' Host Controller (OHCI) Driver
[    5.865498] ohci-pci: OHCI PCI platform driver
[    5.871548] ohci-platform: OHCI generic platform driver
[    5.894598] uhci_hcd: USB Universal Host Controller Interface driver
[    5.920708] i8042: PNP: PS/2 Controller [PNP0303:PS2K,PNP0f03:PS2M] at 0x60,0x64 irq 1,12
[    5.941178] serio: i8042 KBD port at 0x60,0x64 irq 1
[    5.945861] serio: i8042 AUX port at 0x60,0x64 irq 12
[    5.959794] mousedev: PS/2 mouse device common for all mice
[    5.965028] rtc_cmos rtc_cmos: rtc core: registered rtc_cmos as rtc0
[    5.971934] rtc_cmos rtc_cmos: alarms up to one day, 114 bytes nvram
[    5.986036] i2c /dev entries driver
[    6.000838] device-mapper: uevent: version 1.0.3
[    6.009275] input: AT Translated Set 2 keyboard as /devices/platform/i8042/serio0/input/input2
[    6.040884] device-mapper: ioctl: 4.34.0-ioctl (2015-10-28) initialised: dm-devel@redhat.com
[    6.065470] ledtrig-cpu: registered to indicate activity on CPUs
[    6.078480] NET: Registered protocol family 10
[    6.085129] NET: Registered protocol family 17
[    6.127252] Key type dns_resolver registered
[    6.140896] registered taskstats version 1
[    6.163397] Loading compiled-in X.509 certificates
[    6.169022] Loaded X.509 cert 'Build time autogenerated kernel key: cf00e047681d67edb2720680708b7d9498083038'
[    6.215649] zswap: loaded using pool lzo/zbud
[    6.238113] Key type trusted registered
[    6.268843] Key type encrypted registered
[    6.283554] AppArmor: AppArmor sha1 policy hashing enabled
[    6.295993] ima: No TPM chip found, activating TPM-bypass!
[    6.332924] ima: Allocated hash algorithm: sha1
[    6.335961] evm: HMAC attrs: 0x1
[    6.347696]   Magic number: 13:519:27
[    6.350283] rtc_cmos rtc_cmos: setting system clock to 2021-11-30 12:02:24 UTC (1638273744)
[    6.364944] BIOS EDD facility v0.16 2004-Jun-25, 0 devices found
[    6.372122] EDD information not available.
[    6.386969] Freeing unused kernel memory: 1492K
[    6.396494] Write protecting the kernel read-only data: 14336k
[    6.411549] Freeing unused kernel memory: 1584K
[    6.416633] Freeing unused kernel memory: 52K
Loading, please wait...
starting version 229
[    6.559904] random: systemd-udevd: uninitialized urandom read (16 bytes read, 3 bits of entropy available)
[    6.563043] random: udevadm: uninitialized urandom read (16 bytes read, 3 bits of entropy available)
[    6.563081] random: udevadm: uninitialized urandom read (16 bytes read, 3 bits of entropy available)
[    6.622472] random: udevadm: uninitialized urandom read (16 bytes read, 3 bits of entropy available)
[    6.622615] random: udevadm: uninitialized urandom read (16 bytes read, 3 bits of entropy available)
[    6.633986] random: udevadm: uninitialized urandom read (16 bytes read, 3 bits of entropy available)
[    6.634086] random: udevadm: uninitialized urandom read (16 bytes read, 3 bits of entropy available)
[    6.634193] random: udevadm: uninitialized urandom read (16 bytes read, 3 bits of entropy available)
[    6.634292] random: udevadm: uninitialized urandom read (16 bytes read, 3 bits of entropy available)
[    6.634384] random: udevadm: uninitialized urandom read (16 bytes read, 3 bits of entropy available)
[    7.170011] e1000: Intel(R) PRO/1000 Network Driver - version 7.3.21-k8-NAPI
[    7.207493] e1000: Copyright (c) 1999-2006 Intel Corporation.
[    7.270540] Fusion MPT base driver 3.04.20
[    7.278711] Copyright (c) 1999-2008 LSI Corporation
[    7.504110] Fusion MPT SPI Host driver 3.04.20
[    7.753103] AVX2 version of gcm_enc/dec engaged.
[    7.763239] AES CTR mode by8 optimization enabled
[    8.064583] input: ImExPS/2 Generic Explorer Mouse as /devices/platform/i8042/serio1/input/input4
[    9.103423] e1000 0000:00:03.0 eth0: (PCI:33MHz:32-bit) 02:be:82:6b:cc:1d
[    9.119473] e1000 0000:00:03.0 eth0: Intel(R) PRO/1000 Network Connection
[    9.139092] mptbase: ioc0: Initiating bringup
[    9.143692] e1000 0000:00:03.0 enp0s3: renamed from eth0
[    9.214743] ioc0: LSI53C1030 A0: Capabilities={Initiator}
[    9.535425] scsi host2: ioc0: LSI53C1030 A0, FwRev=00000000h, Ports=1, MaxQ=256, IRQ=20
[    9.772466] scsi 2:0:0:0: Direct-Access     VBOX     HARDDISK         1.0  PQ: 0 ANSI: 5
[    9.950684] scsi target2:0:0: Beginning Domain Validation
[   10.078531] scsi target2:0:0: Domain Validation skipping write tests
[   10.107103] scsi target2:0:0: Ending Domain Validation
[   10.139341] scsi target2:0:0: asynchronous
[   10.219611] scsi 2:0:1:0: Direct-Access     VBOX     HARDDISK         1.0  PQ: 0 ANSI: 5
[   10.307631] scsi target2:0:1: Beginning Domain Validation
[   10.448122] scsi target2:0:1: Domain Validation skipping write tests
[   10.478844] scsi target2:0:1: Ending Domain Validation
[   10.504392] scsi target2:0:1: asynchronous
[   10.648332] sd 2:0:0:0: Attached scsi generic sg0 type 0
[   10.672226] sd 2:0:0:0: [sda] 83886080 512-byte logical blocks: (42.9 GB/40.0 GiB)
[   10.673342] sd 2:0:1:0: [sdb] 20480 512-byte logical blocks: (10.5 MB/10.0 MiB)
[   10.675445] sd 2:0:1:0: [sdb] Write Protect is off
[   10.676343] sd 2:0:1:0: [sdb] Incomplete mode parameter data
[   10.676345] sd 2:0:1:0: [sdb] Assuming drive cache: write through
[   10.754820] sd 2:0:1:0: Attached scsi generic sg1 type 0
[   10.759084] sd 2:0:1:0: [sdb] Attached SCSI disk
[   10.914950] sd 2:0:0:0: [sda] Write Protect is off
[   10.935769] sd 2:0:0:0: [sda] Incomplete mode parameter data
[   10.949866] sd 2:0:0:0: [sda] Assuming drive cache: write through
[   10.992013]  sda: sda1
[   11.008464] sd 2:0:0:0: [sda] Attached SCSI disk
Begin: Loading essential drivers ... [   14.486453] md: linear personality registered for level -1
[   14.519253] md: multipath personality registered for level -4
[   14.558079] md: raid0 personality registered for level 0
[   14.650920] md: raid1 personality registered for level 1
[   14.778015] raid6: sse2x1   gen()  1017 MB/s
[   14.862081] raid6: sse2x1   xor()  2355 MB/s
[   14.937745] raid6: sse2x2   gen()  3602 MB/s
[   15.005894] raid6: sse2x2   xor()  2480 MB/s
[   15.154107] raid6: sse2x4   gen()  1225 MB/s
[   15.229840] raid6: sse2x4   xor()  2990 MB/s
[   15.303607] raid6: avx2x1   gen()  4505 MB/s
[   15.374730] raid6: avx2x2   gen()  7363 MB/s
[   15.446001] raid6: avx2x4   gen()  7343 MB/s
[   15.477032] raid6: using algorithm avx2x2 gen() 7363 MB/s
[   15.488234] raid6: using avx2x2 recovery algorithm
[   15.509299] xor: automatically using best checksumming function:
[   15.578820]    avx       :  6553.000 MB/sec
[   15.590084] async_tx: api initialized (async)
[   15.689928] md: raid6 personality registered for level 6
[   15.696504] md: raid5 personality registered for level 5
[   15.721117] md: raid4 personality registered for level 4
[   15.744154] md: raid10 personality registered for level 10
done.
Begin: Running /scripts/init-premount ... done.
Begin: Mounting root file system ... Begin: Running /scripts/local-top ... done.
Begin: Running /scripts/local-premount ... [   15.958595] Btrfs loaded
Scanning for Btrfs filesystems
done.
Warning: fsck not present, so skipping root file system
[   16.259248] EXT4-fs (sda1): mounted filesystem with ordered data mode. Opts: (null)
done.
Begin: Running /scripts/local-bottom ... done.
Begin: Running /scripts/init-bottom ... done.
[   16.843667] systemd[1]: systemd 229 running in system mode. (+PAM +AUDIT +SELINUX +IMA +APPARMOR +SMACK +SYSVINIT +UTMP +LIBCRYPTSETUP +GCRYPT +GNUTLS +ACL +XZ -LZ4 +SECCOMP +BLKID +ELFUTILS +KMOD -IDN)
[   16.876024] systemd[1]: Detected virtualization oracle.
[   16.878805] systemd[1]: Detected architecture x86-64.

Welcome to [1mUbuntu 16.04.7 LTS[0m!

[   16.900971] systemd[1]: Set hostname to <ubuntu-xenial>.
[   17.126926] random: nonblocking pool is initialized
[   17.553156] systemd[1]: Created slice System Slice.
[[0;32m  OK  [0m] Created slice System Slice.
[   17.580604] systemd[1]: Started Forward Password Requests to Wall Directory Watch.
[[0;32m  OK  [0m] Started Forward Password Requests to Wall Directory Watch.
[   17.610506] systemd[1]: Listening on udev Control Socket.
[[0;32m  OK  [0m] Listening on udev Control Socket.
[   17.623640] systemd[1]: Listening on Device-mapper event daemon FIFOs.
[[0;32m  OK  [0m] Listening on Device-mapper event daemon FIFOs.
[   17.646443] systemd[1]: Listening on LVM2 metadata daemon socket.
[[0;32m  OK  [0m] Listening on LVM2 metadata daemon socket.
[   17.656354] systemd[1]: Reached target Encrypted Volumes.
[[0;32m  OK  [0m] Reached target Encrypted Volumes.
[   17.673342] systemd[1]: Listening on Journal Socket.
[[0;32m  OK  [0m] Listening on Journal Socket.
[   17.707014] systemd[1]: Starting Monitoring of LVM2 mirrors, snapshots etc. using dmeventd or progress polling...
         Starting Monitoring of LVM2 mirrors... dmeventd or progress polling...
[   17.749151] systemd[1]: Starting Load Kernel Modules...
         Starting Load Kernel Modules...
[   17.783152] systemd[1]: Starting Create list of required static device nodes for the current kernel...
[   17.850849]Loading iSCSI transport class v2.0-870.
         Starting Create list of required st... nodes for the current kernel...
[   17.883081] systemd[1]: Created slice system-serial\x2dgetty.slice.
[[0;32m  OK  [0m] Created slice system-serial\x2dgetty.slice.
[   17.925094] systemd[1]: Listening on /dev/initctl Compatibility Named Pipe.
[[0;32m  OK  [0m] Listening on /dev/initctl Compatibility Named Pipe.
[   17.951131] iscsi: registered transport (tcp)
[   17.963911] systemd[1]: Listening on udev Kernel Socket.
[[0;32m  OK  [0m] Listening on udev Kernel Socket.
[   18.014353] systemd[1]: Starting Uncomplicated firewall...
         Starting Uncomplicated firewall...
[   18.026984] systemd[1]: Reached target Swap.
[[0;32m  OK  [0m] Reached target Swap.
[   18.050479] systemd[1]: Listening on Journal Audit Socket.
[[0;32m  OK  [0m] Listening on Journal Audit Socket.
[   18.107508] systemd[1]: Mounting Huge Pages File System...
         Mounting Huge Pages File System...
[   18.123042] iscsi: registered transport (iser)
[   18.128942] systemd[1]: Listening on Journal Socket (/dev/log).
[[0;32m  OK  [0m] Listening on Journal Socket (/dev/log).
[   18.137531] systemd[1]: Starting Nameserver information manager...
         Starting Nameserver information manager...
[   18.155116] systemd[1]: Reached target User and Group Name Lookups.
[[0;32m  OK  [0m] Reached target User and Group Name Lookups.
[   18.171856] systemd[1]: Set up automount Arbitrary Executable File Formats File System Automount Point.
[[0;32m  OK  [0m] Set up automount Arbitrary Executab...ats File System Automount Point.
[   18.189053] systemd[1]: Listening on fsck to fsckd communication Socket.
[[0;32m  OK  [0m] Listening on fsck to fsckd communication Socket.
[   18.214703] systemd[1]: Starting File System Check on Root Device...
         Starting File System Check on Root Device...
[   18.251790] systemd[1]: Started Trigger resolvconf update for networkd DNS.
[[0;32m  OK  [0m] Started Trigger resolvconf update for networkd DNS.
[   18.279044] systemd[1]: Listening on Syslog Socket.
[[0;32m  OK  [0m] Listening on Syslog Socket.
[   18.318017] systemd[1]: Starting Journal Service...
         Starting Journal Service...
[   18.329506] systemd[1]: Listening on LVM2 poll daemon socket.
[[0;32m  OK  [0m] Listening on LVM2 poll daemon socket.
[   18.348327] systemd[1]: Starting Set console keymap...
         Starting Set console keymap...
[   18.365623] systemd[1]: Mounting Debug File System...
         Mounting Debug File System...
[   18.376448] systemd[1]: Reached target System Time Synchronized.
[[0;32m  OK  [0m] Reached target System Time Synchronized.
[   18.387640] systemd[1]: Created slice User and Session Slice.
[[0;32m  OK  [0m] Created slice User and Session Slice.
[   18.419141] systemd[1]: Reached target Slices.
[[0;32m  OK  [0m] Reached target Slices.
[   18.449956] systemd[1]: Mounting POSIX Message Queue File System...
         Mounting POSIX Message Queue File System...
[   18.472149] systemd[1]: Mounted Huge Pages File System.
[[0;32m  OK  [0m] Mounted Huge Pages File System.
[   18.500151] systemd[1]: Mounted POSIX Message Queue File System.
[[0;32m  OK  [0m] Mounted POSIX Message Queue File System.
[   18.518457] systemd[1]: Mounted Debug File System.
[[0;32m  OK  [0m] Mounted Debug File System.
[   18.526419] systemd[1]: Started Journal Service.
[[0;32m  OK  [0m] Started Journal Service.
[[0;32m  OK  [0m] Started Load Kernel Modules.
[[0;32m  OK  [0m] Started Create list of required sta...ce nodes for the current kernel.
[[0;32m  OK  [0m] Started Uncomplicated firewall.
[[0;32m  OK  [0m] Started File System Check on Root Device.
[[0;32m  OK  [0m] Started Set console keymap.
[[0;32m  OK  [0m] Started Nameserver information manager.
[[0;32m  OK  [0m] Started File System Check Daemon to report status.
[[0;32m  OK  [0m] Started LVM2 metadata daemon.
         Starting Remount Root and Kernel File Systems...
         Starting Create Static Device Nodes in /dev...
         Mounting FUSE Control File System...
[   18.770961] EXT4-fs (sda1): re-mounted. Opts: (null)
         Starting Apply Kernel Variables...
[[0;32m  OK  [0m] Mounted FUSE Control File System.
[[0;32m  OK  [0m] Started Remount Root and Kernel File Systems.
         Starting udev Coldplug all Devices...
         Starting Flush Journal to Persistent Storage...
         Starting Load/Save Random Seed...
[[0;32m  OK  [0m] Started Create Static Device Nodes in /dev.
[[0;32m  OK  [0m] Started Apply Kernel Variables.
         Starting udev Kernel Device Manager...
[[0;32m  OK  [0m] Started Load/Save Random Seed.
[[0;32m  OK  [0m] Started Flush Journal to Persistent Storage.
[[0;32m  OK  [0m] Started udev Coldplug all Devices.
[[0;32m  OK  [0m] Started udev Kernel Device Manager.
[[0;32m  OK  [0m] Started Dispatch Password Requests to Console Directory Watch.
[[0;32m  OK  [0m] Started Monitoring of LVM2 mirrors,...ng dmeventd or progress polling.
[[0;32m  OK  [0m] Reached target Local File Systems (Pre).
[[0;32m  OK  [0m] Reached target Local File Systems.
         Starting Set console font and keymap...
         Starting Create Volatile Files and Directories...
         Starting LSB: AppArmor initialization...
         Starting Tell Plymouth To Write Out Runtime Data...
         Starting Initial cloud-init job (pre-networking)...
[[0;32m  OK  [0m] Started Tell Plymouth To Write Out Runtime Data.
[[0;32m  OK  [0m] Started Create Volatile Files and Directories.
         Starting Update UTMP about System Boot/Shutdown...
[[0;32m  OK  [0m] Started Update UTMP about System Boot/Shutdown.
[[0;32m  OK  [0m] Started LSB: AppArmor initialization.
         Starting Load AppArmor profiles managed internally by snapd...
[[0;32m  OK  [0m] Started Load AppArmor profiles managed internally by snapd.
[[0;32m  OK  [0m] Found device /dev/ttyS0.
[[0;32m  OK  [0m] Listening on Load/Save RF Kill Switch Status /dev/rfkill Watch.
[[0;32m  OK  [0m] Found device 82540EM Gigabit Ethern...r (PRO/1000 MT Desktop Adapter).
[[0;32m  OK  [0m] Started Set console font and keymap.
[[0;32m  OK  [0m] Created slice system-getty.slice.
[   23.084766] cloud-init[519]: Cloud-init v. 21.1-19-gbad84ad4-0ubuntu1~16.04.2 running 'init-local' at Tue, 30 Nov 2021 12:02:42 +0000. Up 21.54 seconds.
[[0;32m  OK  [0m] Started Initial cloud-init job (pre-networking).
[[0;32m  OK  [0m] Reached target Network (Pre).
         Starting Raise network interfaces...
[[0;32m  OK  [0m] Started ifup for enp0s3.
[[0;32m  OK  [0m] Started Raise network interfaces.
         Starting Initial cloud-init job (metadata service crawler)...
[[0;32m  OK  [0m] Reached target Network.
[   27.107153] cloud-init[1010]: Cloud-init v. 21.1-19-gbad84ad4-0ubuntu1~16.04.2 running 'init' at Tue, 30 Nov 2021 12:02:46 +0000. Up 25.62 seconds.
[   27.146046] cloud-init[1010]: ci-info: ++++++++++++++++++++++++++++++++++++++Net device info++++++++++++++++++++++++++++++++++++++
[   27.170647] cloud-init[1010]: ci-info: +--------+------+----------------------------+---------------+--------+-------------------+
[   27.191441] cloud-init[1010]: ci-info: | Device |  Up  |          Address           |      Mask     | Scope  |     Hw-Address    |
[   27.232535] cloud-init[1010]: ci-info: +--------+------+----------------------------+---------------+--------+-------------------+
[   27.263365] cloud-init[1010]: ci-info: | enp0s3 | True |         10.0.2.15          | 255.255.255.0 | global | 02:be:82:6b:cc:1d |
[   27.285372] cloud-init[1010]: ci-info: | enp0s3 | True | fe80::be:82ff:fe6b:cc1d/64 |       .       |  link  | 02:be:82:6b:cc:1d |
[   27.337528] cloud-init[1010]: ci-info: |   lo   | True |         127.0.0.1          |   255.0.0.0   |  host  |         .         |
[   27.353209] cloud-init[1010]: ci-info: |   lo   | True |          ::1/128           |       .       |  host  |         .         |
[   27.380825] cloud-init[1010]: ci-info: +--------+------+----------------------------+---------------+--------+-------------------+
[   27.391914] cloud-init[1010]: ci-info: +++++++++++++++++++++++++++Route IPv4 info++++++++++++++++++++++++++++
[   27.407298] cloud-init[1010]: ci-info: +-------+-------------+----------+---------------+-----------+-------+
[   27.417473] cloud-init[1010]: ci-info: | Route | Destination | Gateway  |    Genmask    | Interface | Flags |
[   27.423517] cloud-init[1010]: ci-info: +-------+-------------+----------+---------------+-----------+-------+
[   27.438901] cloud-init[1010]: ci-info: |   0   |   0.0.0.0   | 10.0.2.2 |    0.0.0.0    |   enp0s3  |   UG  |
[   27.448664] cloud-init[1010]: ci-info: |   1   |   10.0.2.0  | 0.0.0.0  | 255.255.255.0 |   enp0s3  |   U   |
[   27.454085] cloud-init[1010]: ci-info: +-------+-------------+----------+---------------+-----------+-------+
[   27.484522] cloud-init[1010]: ci-info: +++++++++++++++++++Route IPv6 info+++++++++++++++++++
[   27.514296] cloud-init[1010]: ci-info: +-------+-------------+---------+-----------+-------+
[   27.534809] cloud-init[1010]: ci-info: | Route | Destination | Gateway | Interface | Flags |
[   27.545889] cloud-init[1010]: ci-info: +-------+-------------+---------+-----------+-------+
[   27.555640] cloud-init[1010]: ci-info: |   0   |  fe80::/64  |    ::   |   enp0s3  |   U   |
[   27.582325] cloud-init[1010]: ci-info: |   4   |   ff00::/8  |    ::   |   enp0s3  |   U   |
[   27.590651] cloud-init[1010]: ci-info: +-------+-------------+---------+-----------+-------+
[[0;32m  OK  [0m] Started Initial cloud-init job (metadata service crawler).
[[0;32m  OK  [0m] Reached target Cloud-config availability.
[[0;32m  OK  [0m] Reached target System Initialization.
         Starting Socket activation for snappy daemon.
[[0;32m  OK  [0m] Listening on ACPID Listen Socket.
[[0;32m  OK  [0m] Started Daily Cleanup of Temporary Directories.
[[0;32m  OK  [0m] Started ACPI Events Check.
[[0;32m  OK  [0m] Listening on D-Bus System Message Bus Socket.
[[0;32m  OK  [0m] Listening on UUID daemon activation socket.
[[0;32m  OK  [0m] Started Daily apt download activities.
[[0;32m  OK  [0m] Started Daily apt upgrade and clean activities.
[[0;32m  OK  [0m] Started Message of the Day.
[[0;32m  OK  [0m] Started Trigger to poll for Ubuntu ...nly enabled on GCP LTS non-pro).
[[0;32m  OK  [0m] Reached target Paths.
[[0;32m  OK  [0m] Started Ubuntu Advantage Timer for running repeated jobs.
[[0;32m  OK  [0m] Reached target Timers.
         Starting LXD - unix socket.
[[0;32m  OK  [0m] Reached target Network is Online.
         Starting iSCSI initiator daemon (iscsid)...
[[0;32m  OK  [0m] Listening on Socket activation for snappy daemon.
[[0;32m  OK  [0m] Listening on LXD - unix socket.
[[0;32m  OK  [0m] Reached target Sockets.
[[0;32m  OK  [0m] Reached target Basic System.
         Starting Virtualbox guest utils...
[[0;32m  OK  [0m] Started ACPI event daemon.
         Starting /etc/rc.local Compatibility...
         Starting Login Service...
         Starting A high performance web server and a reverse proxy server...
[[0;32m  OK  [0m] Started Regular background program processing daemon.
[[0;32m  OK  [0m] Started D-Bus System Message Bus.
         Starting System Logging Service...
         Starting Accounts Service...
         Starting LSB: Record successful boot for GRUB...
[[0;32m  OK  [0m] Started Deferred execution scheduler.
         Starting LXD - container startup/shutdown...
[[0;32m  OK  [0m] Started FUSE filesystem for LXC.
         Starting LSB: MD monitoring daemon...
         Starting OpenBSD Secure Shell server...
         Starting Snap Daemon...
[[0;32m  OK  [0m] Started System Logging Service.
[[0;32m  OK  [0m] Started /etc/rc.local Compatibility.
[[0;32m  OK  [0m] Started iSCSI initiator daemon (iscsid).
         Starting Login to default iSCSI targets...
[[0;32m  OK  [0m] Started Login Service.
[[0;32m  OK  [0m] Started LSB: Record successful boot for GRUB.
[[0;32m  OK  [0m] Started A high performance web server and a reverse proxy server.
[[0;32m  OK  [0m] Started Unattended Upgrades Shutdown.
[[0;32m  OK  [0m] Started LSB: MD monitoring daemon.
         Starting Authenticate and Authorize Users to Run Privileged Tasks...
[[0;32m  OK  [0m] Started OpenBSD Secure Shell server.
[[0;32m  OK  [0m] Started Login to default iSCSI targets.
[[0;32m  OK  [0m] Reached target Remote File Systems (Pre).
         Mounting /home/Vagrant/app...
[[0;32m  OK  [0m] Mounted /home/Vagrant/app.
[[0;32m  OK  [0m] Reached target Remote File Systems.
         Starting LSB: automatic crash report generation...
         Starting LSB: daemon to balance interrupts for SMP systems...
         Starting Permit User Sessions...
         Starting LSB: Set the CPU Frequency Scaling governor to "ondemand"...
[[0;32m  OK  [0m] Started LXD - container startup/shutdown.
[[0;32m  OK  [0m] Started Virtualbox guest utils.
[[0;32m  OK  [0m] Started Permit User Sessions.
[[0;32m  OK  [0m] Started Authenticate and Authorize Users to Run Privileged Tasks.
[[0;32m  OK  [0m] Started Accounts Service.
         Starting Terminate Plymouth Boot Screen...
         Starting Hold until boot process finishes up...
[[0;32m  OK  [0m] Started Terminate Plymouth Boot Screen.
[[0;32m  OK  [0m] Started Hold until boot process finishes up.
         Starting Set console scheme...
[[0;32m  OK  [0m] Started Getty on tty1.
[[0;32m  OK  [0m] Started Serial Getty on ttyS0.
[[0;32m  OK  [0m] Reached target Login Prompts.
[[0;32m  OK  [0m] Started Set console scheme.
[[0;32m  OK  [0m] Started LSB: Set the CPU Frequency Scaling governor to "ondemand".
[[0;32m  OK  [0m] Started LSB: automatic crash report generation.
[[0;32m  OK  [0m] Started LSB: daemon to balance interrupts for SMP systems.
[[0;32m  OK  [0m] Created slice User Slice of vagrant.
         Starting User Manager for UID 1000...
[[0;32m  OK  [0m] Started Session 1 of user vagrant.
[[0;32m  OK  [0m] Started User Manager for UID 1000.
[[0;32m  OK  [0m] Started Snap Daemon.
         Starting Wait until snapd is fully seeded...
[[0;32m  OK  [0m] Started Wait until snapd is fully seeded.
         Starting Apply the settings specified in cloud-config...
[[0;32m  OK  [0m] Reached target Multi-User System.
[[0;32m  OK  [0m] Reached target Graphical Interface.
         Starting Update UTMP about System Runlevel Changes...
[[0;32m  OK  [0m] Started Update UTMP about System Runlevel Changes.
[   36.115461] cloud-init[1328]: Cloud-init v. 21.1-19-gbad84ad4-0ubuntu1~16.04.2 running 'modules:config' at Tue, 30 Nov 2021 12:02:56 +0000. Up 35.39 seconds.

Ubuntu 16.04.7 LTS ubuntu-xenial ttyS0

ubuntu-xenial login: [   39.393160] cloud-init[1434]: Cloud-init v. 21.1-19-gbad84ad4-0ubuntu1~16.04.2 running 'modules:final' at Tue, 30 Nov 2021 12:03:00 +0000. Up 38.90 seconds.
[   39.393482] cloud-init[1434]: Cloud-init v. 21.1-19-gbad84ad4-0ubuntu1~16.04.2 finished at Tue, 30 Nov 2021 12:03:00 +0000. Datasource DataSourceNoCloud [seed=/dev/sdb][dsmode=net].  Up 39.37 seconds
